CeWL 5.3 (Heading Upwards) Robin Wood (robin@digi.ninja) (https://digi.ninja/)
the
you
You
and
your
for
have
The
that
are
not
them
And
will
was
him
They
what
they
this
with
one
don
know
want
all
his
can
man
Your
men
here
her
What
back
But
never
like
their
would
father
from
about
there
than
were
when
Lord
king
more
Grace
little
had
who
going
now
think
take
our
Why
right
way
need
get
Please
There
too
out
good
before
kill
won
she
people
King
time
Yes
has
but
Ser
come
Seven
That
been
Come
Wall
didn
make
Kingdoms
should
ever
queen
How
Jon
let
She
say
This
could
did
see
girl
said
just
Winterfell
fight
how
thing
love
Now
hear
saw
night
Don
Where
dead
boy
course
always
well
Stark
blog
Did
brother
over
other
true
Let
down
name
Father
find
told
got
Snow
long
lady
Man
gate
where
much
day
lord
life
tell
Iron
must
Get
some
give
alive
Theon
Mother
old
killed
again
die
Tell
then
son
When
army
sister
better
help
free
nothing
mother
please
ships
war
Watch
bastard
into
off
Not
look
things
any
only
still
entry
content
city
shouting
does
might
doing
All
many
wasn
home
Loose
Who
very
Prince
done
fire
coming
world
Well
Because
why
these
stop
Stannis
something
thought
Draw
afraid
last
both
horses
those
seen
bring
serve
ask
death
put
while
hold
Comments
Dragons
shouts
screaming
cannot
mine
bit
North
Night
keep
even
first
enough
wait
through
far
until
away
gave
someone
sure
leave
own
place
Uncategorized
once
Landing
Our
Lady
Maybe
Ned
Mance
Throne
two
Men
may
lost
read
Here
brothers
House
wildlings
November
Dance
without
every
Jaime
woman
talking
friends
continues
came
against
Aye
because
stay
wanted
met
brought
after
took
remember
send
Dorne
walkers
heart
Hand
family
Lannisters
gonna
Blackwater
great
fighting
sorry
gods
Feed
return
Tyrion
imagine
Thank
made
end
Will
days
soon
wants
else
Can
word
yourself
sent
Maester
For
stand
girls
orders
already
baby
children
sword
castle
post
message
dragons
battle
Perhaps
plan
dragon
horse
half
walls
anything
understand
protect
anyone
person
same
big
Hyah
Nock
gone
Down
white
everything
couldn
Look
Forgive
beautiful
cold
princess
One
most
today
hand
Stop
shall
open
Hold
Rock
Robb
Category
Leave
Posted
meta
Daenerys
Targaryen
sti
grunting
Meereen
needs
Good
set
forward
house
lead
talk
beat
which
eyes
sleep
sit
making
means
promise
yes
himself
drink
head
walk
lose
Light
five
murdered
terrible
offer
everyone
left
grunts
Sansa
growling
gift
Trystane
march
blood
food
Princess
its
Bronn
prince
work
pay
died
lot
arrows
crow
heard
Crow
Casterly
Bran
WordPress
new
Recent
RSS
Really
Simple
Syndication
Battle
Bastards
Watchers
returned
knew
Lannister
Keep
happened
live
seven
try
cut
three
enemy
around
Ramsay
makes
lives
claim
hope
defeated
demons
wrong
Think
soldier
since
With
run
gasping
siege
next
words
watch
join
anywhere
guards
Find
truth
Castle
Black
started
First
May
believe
Oysters
clams
Tyrell
eye
Renly
second
Hmm
question
beast
mean
close
Tarly
wildling
friend
fucking
Shh
clever
whore
Take
honor
trust
Joffrey
knight
yet
Starks
forecast
Gods
wish
Weather
http
secret
lived
support
gates
burned
Bay
Unsullied
speak
wife
Bolton
poor
Only
proud
bed
dogs
knows
part
feel
hit
charge
Then
really
angry
full
Tormund
worth
known
likes
hurt
fall
fought
beyond
worse
Davos
loved
commands
each
boys
murder
quite
throne
rule
Uncle
game
Those
screams
Their
bury
together
side
crown
swear
less
Put
Have
few
Commander
command
story
shield
trying
capital
four
cry
glad
cockles
Some
Are
best
matter
tried
silver
daughter
call
become
meant
darkness
dark
another
muscles
fast
rest
myself
Protect
whole
bear
win
visit
Move
top
eat
sun
promised
burn
Loras
Halfhand
winter
north
door
liar
given
Tywin
Baelish
alone
Dothraki
taken
master
Greyjoy
fool
Rodrik
Drogo
dreams
Valar
below
Old
comment
address
October
Valyrian
explosions
behind
Masters
soldiers
cities
dirt
plans
Every
child
different
surrender
remain
sold
reign
begun
screeching
roars
roaring
doesn
kneel
pardon
greatest
yours
wouldn
save
tomorrow
meet
haven
inside
sense
power
His
knights
able
sides
Just
advice
obvious
kings
water
camp
weren
council
Any
servant
horn
height
Everyone
ago
bad
paid
Never
expect
Islands
Westeros
shouldn
isn
others
fathers
respect
play
Run
rules
whinnies
lads
Help
Fall
Archers
disappear
harm
front
show
care
hard
getting
Halt
went
fresh
named
teach
lovely
raven
country
room
hell
happy
learned
Give
thinking
slow
Girl
chance
Tyrells
hungry
Too
maester
kingdoms
thousands
truly
hate
Baratheon
waiting
bet
ready
killing
reason
hair
Alliser
Sam
fucked
More
answer
says
duty
young
yourselves
job
defend
held
crows
nock
drop
tonight
training
aren
forever
victory
Arya
pray
ravens
stopped
years
White
face
grow
Dragonstone
sees
sons
cell
fear
wine
warm
ship
moment
rightful
Margaery
yielded
sentence
south
Mmm
host
married
Khal
beauty
Talisa
pretty
deserter
Arryn
page
reading
index
php
fortune
wars
Winter
Posts
Log
org
Powered
respond
wall
Skip
site
branding
masthead
Name
Back
feed
primary
Sidebar
Search
Archives
Categories
Meta
Entries
secondary
main
RSD
state
art
semantic
personal
publishing
platform
rise
shelter
ruler
Master
wildfire
under
Red
ones
fleet
discuss
trade
Great
stole
Kraznys
highest
slaughtered
difficult
declared
upon
outsider
returning
slave
glory
Stormborn
beloved
missed
mercy
Thousands
fine
looking
wonder
morning
weakness
worry
move
cunt
sharp
single
Rickon
Listen
mistake
asked
force
fuckers
folk
manner
listen
red
believed
Long
goat
southern
gives
small
seem
joke
six
Doesn
growing
Fleet
fit
Euron
tells
bringing
marriage
asking
found
sooner
Prepare
Follow
Hey
Open
sounds
staying
starving
thin
spend
land
Bank
called
wearing
Myrcella
real
risk
Robert
deep
band
maybe
ground
hundreds
guard
fell
Out
Shireen
stays
welcome
dress
rather
necklace
Many
Andals
between
accept
condition
pain
Which
turn
handsome
Sorry
instead
oysters
City
Nothing
year
third
reward
deal
Anyone
shit
supposed
choose
chosen
either
forces
choice
light
smaller
money
used
experience
easy
favor
comes
Someone
theirs
mouth
Gilly
vows
women
use
nice
Right
longer
hunting
Even
neck
Aemon
candles
exactly
nose
loves
anybody
Pyp
brave
From
decision
safe
leaving
hide
thrown
spear
anymore
high
Does
Brother
giants
mammoths
Olly
Wait
lands
wear
Hush
cave
times
cross
sweet
being
quick
woods
telling
till
outside
chamber
lies
armor
protecting
served
sworn
burning
drank
wedding
Mountain
ruin
whatever
repaid
position
start
heir
catch
Volantis
treason
born
follow
above
Was
saved
weak
Highgarden
Such
price
shut
Ghost
wild
damn
short
After
ways
health
threw
See
Qarth
Khaleesi
Whatever
taught
Quite
noble
spy
honored
lie
oath
Eddard
royal
hey
Imp
feast
guests
Soon
Dohaeris
New
email
Email
bastards
Post
navigation
Reply
Cancel
reply
published
Required
fields
marked
Comment
Website
comments
strong
cause
succeed
Shall
begin
approve
hidden
loyal
entirely
approach
offered
foot
beggar
terms
foreign
abandon
Pyramid
Nakloz
bidder
whooping
Dracarys
spoke
pact
forgiving
insists
seems
dying
Her
ideas
former
whinnying
Warden
treasonous
lords
stories
numbers
Very
having
fed
balls
smart
watching
houses
snow
along
double
works
trap
plays
defended
greater
attack
larger
lucky
wins
skull
whispering
foul
actual
twats
sound
shitting
commander
interpret
kind
blowing
jokes
recall
dwarf
thinks
stature
gather
complicated
knowing
sail
agree
least
Has
Salt
stayed
common
possibly
also
cock
ancestors
ours
uncle
starts
demanding
evil
games
Easy
Ready
groaning
Stand
owns
yells
Infantry
advance
Both
banging
Wun
suggested
combat
wonderful
crypt
Hello
beasts
Sit
docks
debts
Meryn
dangerous
tunnel
begins
meat
Fire
weapons
destroyed
count
chains
hang
Unless
military
matters
fail
wishes
especially
scroll
refuses
empty
handed
perhaps
accompany
Grand
proper
Byron
Swann
present
deserve
grave
Doran
climate
fleabite
safety
niece
directly
decided
enter
behead
bodies
bread
Tommen
Oberyn
Speak
punish
fault
punished
learn
humiliation
miss
nervous
Say
agreed
grant
freedom
looks
Braavos
trouble
goes
harvest
Reach
finest
nonsense
point
caught
interest
hands
Most
loan
gamblers
built
celebrate
Town
Thought
singing
though
rot
cunts
buying
somewhere
assure
These
Shoo
morghulis
Tomorrow
rebellion
allegiance
chances
write
disapprove
sort
blinked
Rhaenyra
Aegon
belonged
Brothers
Targaryens
horrible
Sometimes
act
terrors
Kings
People
often
Whenever
pile
standing
across
taste
Yet
ought
greatness
happen
reasons
eloquent
Shut
Stay
feet
closest
broken
interesting
interpretation
wrapped
bleeding
arrow
inches
ordinary
none
Serve
ginger
minge
tries
Samwell
library
Faull
neither
color
followed
curse
throw
Make
Quickly
leadership
gets
perfect
manage
Didn
fat
Slynt
missing
fallen
belly
Tonight
discipline
thieves
rolled
steel
riding
such
dawn
bigger
hurry
outer
Oil
Clear
scythe
Might
falls
Hoist
later
Without
purpose
managed
case
Kingslayer
escaped
aside
badge
bravery
gladly
flames
warn
shy
straight
ranger
hearts
Got
grim
Rayder
Qhorin
swords
plenty
traitor
Craster
desert
living
cloak
imagination
ser
Pod
assume
Thanks
Pycelle
hasn
nine
correctly
Still
shining
jumped
Poor
Under
pockets
sell
Double
captain
wounds
servants
sack
widow
debt
runs
robbed
Water
closed
looked
enjoying
harlots
simply
wounded
battlefield
grandson
bled
bloody
during
faithfully
prove
lion
sigil
whorehouse
Lovely
notice
important
grew
bells
nightfall
argue
khalasar
honorable
judge
sea
Death
lock
Pardon
Would
gown
fabric
Flea
Bottom
among
dear
attacked
drama
regard
loyalty
carefully
Pyke
yield
Farlen
grieves
raised
passes
swing
pet
warmer
letter
movements
Dormand
apologies
fetch
owe
news
traveled
late
brilliant
Ygritte
captured
Bastard
Call
Hail
pieces
heads
insult
vicious
idiot
bird
Spice
wealthiest
husband
flattery
grandfather
lovelier
higher
gracious
talent
retake
sat
explain
doubt
powerful
allies
investment
eggs
passion
business
hated
stonemason
armory
birth
Better
Maegyr
Bet
moving
Dreadfort
whores
lying
savage
savages
Like
offend
Close
Cat
lad
direwolf
northern
prick
climbing
twin
fuck
early
sundown
Illyrio
forget
someday
Benjen
seat
password
Chapter
weather
dance
Protected
Password
Nov
theme
music
playing
booming
Despite
appearances
Commerce
markets
explosion
rebirth
violence
succeeds
slavery
proves
crucify
fleets
afire
armies
Probably
caches
Guildhalls
Sept
Baelor
major
thoroughfares
citizens
traitors
destroying
suggest
alternate
Once
peace
arrogant
homeland
Instead
flee
Slaver
insults
simple
translator
beneath
obviously
communicate
clearly
adjusting
reality
galloping
hoofbeats
distant
screeches
armada
violated
Though
nature
forgiven
punishment
crimes
abstract
Him
Belicho
Razdal
lowborn
groan
grace
Majesty
notions
retribution
remind
terribly
safely
dismount
proclaim
deserting
betraying
souls
slaughter
chuckling
hearing
swordsman
walked
Sleep
desperate
ravenous
parts
fearing
Fear
forced
tide
turning
mounted
piss
digging
trenches
flanks
envelopment
pincer
crucial
patience
buckle
center
pursue
surrounded
tilt
Rest
drawn
space
conversation
trusted
advisors
defeat
mind
occur
insight
lays
traps
overconfident
Playing
broomsticks
trueborn
threat
contested
differently
battles
earlier
pleaded
Blackfish
Battles
odds
touch
sighs
avenge
Boltons
lifted
speaking
torch
witch
believing
jug
sour
milk
stronger
grape
sucking
thanks
delicious
clear
guts
laughs
Happy
ordering
signs
needed
god
Last
nobility
Hers
absence
Yara
usurper
Barely
building
demands
demand
Reasonable
independence
integrity
reaving
roving
raiding
raping
nickering
gasps
Karstark
Cavalry
whinny
whimpering
taking
shits
Show
grunt
Break
line
Fuck
crunches
groans
reconsidered
idea
panting
slurping
coughs
memory
hounds
barking
crunching
tearing
Chord
gambler
listening
understands
kills
devoted
inspires
devotion
Remove
Jorah
whoever
Pit
envoy
bankers
escort
Cersei
finger
marry
survival
marching
shown
prepared
engage
spotted
Burnt
stores
Dozens
tents
Horses
sounding
alarm
northerners
Either
asleep
conspired
thaw
press
claimed
expert
butchered
failure
failed
fact
healthy
sending
supplies
requires
castles
abandoning
obeying
deliver
expertise
Ride
Queen
Selyse
True
Telling
Munkun
Vhagar
polished
week
mirror
crouched
crept
hoping
reflection
dumb
holding
mirrored
burnt
crisp
Thus
ending
slaying
career
doe
company
stubborn
Made
Seemed
Wish
listened
saying
thank
teaching
grown
Dornish
agrees
jaw
Looking
abduct
guest
received
threatening
jaws
viper
stolen
excellent
meal
beheading
piled
battlefields
orphans
break
precisely
disobey
alliance
continue
engagement
understood
importance
keeping
fold
kingslayer
spine
nieces
sake
inquire
fate
commoner
strikes
merely
following
judgment
decide
value
Luck
Slut
realize
Pie
soup
clam
Tie
deaf
behalf
Free
journey
chop
awful
chap
guarding
harbor
vintners
grapes
century
satisfactory
arrangement
cask
Arbor
partake
consider
usury
distasteful
dishonorable
Pure
Maegor
outlaw
Wanted
arrest
charging
unfortunate
glovers
charges
gain
Whereas
willing
gamble
bets
Work
sing
skill
kiss
Canal
kisses
Salty
bareheaded
Wasn
Treasonous
fucker
sleekest
minks
sharing
Sell
fish
Brusco
sweetness
juices
flowing
dozen
Three
coppers
Brea
Anara
expensive
cockstand
vinegar
whipped
kindly
copy
mmm
changed
thrilled
disapproved
changing
innocent
Aren
control
declaring
divided
disaster
recovered
poetic
choosing
remains
fulfill
destiny
However
Hear
cleanse
starve
sacrifice
Accept
token
faith
order
Clap
putting
queens
pits
Common
novice
spent
arena
large
triumph
involved
pit
crowd
skin
bone
dagger
whenever
faces
leisure
Fair
unpleasant
accomplished
cruelty
confuse
worked
necessary
conditions
vital
existed
liked
false
minds
imbeciles
Drogon
Valahd
planned
specifically
forbid
intimate
relations
denying
specific
activities
cares
Anyway
poet
worst
Sheila
fangs
soft
finding
villages
reckon
lover
probably
fun
bits
hanging
Know
juicy
slice
Wondering
tastes
bald
wasting
middle
books
age
source
ironies
survivors
raids
report
Love
abandoned
atop
Heard
voice
horrors
befalling
future
attempts
affections
succeeded
shape
trading
tales
past
sweeter
prospect
imminent
Orders
Thorne
strict
fella
allowed
wherever
haste
Beyond
trees
Pick
pace
load
oil
sealed
guessed
twat
guessing
however
takes
hating
wishing
finished
check
Mole
Promise
loads
edge
hells
walker
steward
Randyll
Leftovers
bony
manning
Grenn
draw
attacking
Shit
Yeah
Thenns
flesh
fill
Thenn
rises
Gang
commanded
obeyed
bars
experienced
Needed
summit
climb
bridge
rocks
inner
Hill
Cooper
lazy
ramp
signal
weapon
Fight
Cut
rope
archers
Edd
climbers
enjoy
Shot
gathers
watcher
realms
pledge
nights
Drop
cheer
loud
outnumber
ends
Whoa
testing
defenses
almost
Going
united
leader
Scatter
homes
within
yards
anyway
boil
flay
Raise
lower
Mormont
captives
Returning
buy
Barristan
Selmy
carving
cake
Melt
add
Undying
Walder
Frey
sins
Time
Welcome
crabber
Mandon
Moore
squire
wed
Two
blasts
giant
stare
pound
hammer
nail
fly
Sure
slap
smell
Friends
twice
size
Plenty
skeletons
buried
fart
Bones
panic
damned
chicken
eater
Giantsbane
pup
seasoning
kneeling
hero
battled
Walkers
fights
Trouble
Mouth
Apologies
backing
establishment
Protecting
wooden
gruesome
rebels
rebel
Curious
Bit
comedown
suppose
funny
whose
brush
knees
meeting
spies
employ
Whisperers
owes
dearly
arriving
lay
split
slandered
Slandered
slander
particular
warriors
Taryn
Mant
Whosit
Whocares
Trant
anointed
cutthroat
grub
fancy
beating
appointment
appreciate
sunshine
lordship
wondering
number
bored
patronage
Briefly
filled
finer
carry
sellsword
Knights
paying
afford
serving
swam
ashore
licks
Salladhor
Saan
riches
delivered
regroup
bottom
generals
Woman
ear
sang
pirate
smuggler
Servants
avoid
carve
favors
bones
lines
running
Oxcross
sheep
killer
hunters
Mallister
Jeremy
bannerman
freed
justice
cleaned
Qyburn
Lucky
Almost
advise
authority
chose
bedding
drinking
Occasionally
somehow
forgot
assured
fatal
organized
defense
court
ruins
Harrenhal
led
foray
enemies
quivered
mud
trundled
gratitude
Jugglers
singers
require
applause
demanded
garland
roses
suffered
wound
eldest
titles
Kingsguard
forbidden
inheritance
lawful
accommodations
suited
accomplishments
talents
legacy
rewarded
suitable
consumed
maggots
mocking
ill
spiteful
creature
envy
lust
low
cunning
laws
display
colors
humility
condemned
waddle
nor
compel
rights
carrying
silk
exchange
tired
risking
ladies
drunk
blurt
invent
boring
Watching
eager
property
Stealing
assignment
handmaiden
affairs
shadow
rang
sunrise
sunset
Given
dig
Astapor
distinction
Another
seas
mock
poison
strength
khaleesi
hoped
prisoners
infidels
worship
ablaze
beside
convinced
crying
mothers
Until
swallowed
despair
purest
dungeon
destroy
permission
Bad
uphold
clothe
Directly
apologize
Small
meetings
waste
suits
perfectly
shawl
touched
concern
Luckily
magnificent
embroidery
metalwork
useful
carriage
sept
orphanage
High
Septon
lowest
careful
mob
complement
barely
penchant
Facts
grows
older
danger
Hunger
turns
wagons
arrive
daily
Wheat
barley
apples
blessed
assist
charitable
stood
obedience
suit
drill
dusk
mastered
shortsword
spears
survives
rigorous
absolute
bravest
begs
attend
points
nipples
marts
mark
newborn
certain
babe
arms
watches
coin
owner
asks
buyers
interested
dressed
occupying
grappling
claws
ropes
Hodor
halfwit
courtyard
Louder
steaming
silent
donned
ancient
claims
conquest
subjects
Bugger
loyally
Steady
Betray
hadn
Luwin
informing
Deepwood
Motte
Inform
Citadel
informed
Send
finally
betters
captive
fighters
kitchen
sluts
kitchens
Step
dream
ocean
swallow
ain
letting
drown
tasks
usual
Torrhen
Square
Took
foes
alley
roof
Among
hostage
cells
Lock
rots
iron
urge
hasty
disrespected
begging
Coward
tame
Wild
creatures
hunt
crevasse
joking
pumping
nameless
dumber
detailing
infantry
Damon
Marbrand
Marlyn
History
Greater
Lesser
Houses
cupbearer
whom
judged
brutalizing
peasants
overestimated
book
devise
Petyr
Wine
Rather
Murdered
Dark
blame
grand
unravel
belief
chaos
affords
opportunities
crisis
opportunity
insights
largest
fertile
feeding
surviving
revenge
blames
Wants
rebelled
Against
allow
represent
interests
advantageous
agreement
ride
directive
Catelyn
proposal
concerning
daughters
bite
tongue
reaching
build
area
Burn
waits
pass
Hundreds
mountains
Frostfangs
prisoner
shoulders
feeling
spare
Want
smoke
Strike
haunt
nowhere
loudly
guide
herjourney
crone
wisdom
warrior
courage
Before
cat
mewling
Princes
cried
normal
relevant
dog
blessings
Murderer
hail
Freak
quickly
Bread
Kill
Pull
Tear
executed
Through
Push
Brotherfucker
Traitors
blind
cursed
cow
pie
struck
wrist
dies
cage
Clegane
avoided
embarrassment
succumb
immune
Terrible
birds
Waste
washed
unpleasantness
Xaro
Xhoan
Daxos
glorified
dockworker
pepper
wagon
flogged
square
birthright
Narrow
Sea
spices
port
Retake
correct
grammar
Unlike
exalted
merits
triple
honesty
intentions
repay
seize
based
lllyrio
Mopatis
Magister
Pentos
shrewd
petrified
ages
turned
stone
centuries
roamed
skies
dreamt
carried
hatch
stepped
mad
unhurt
admire
logic
Valyria
learning
letters
reversed
affliction
hours
Loyalty
questions
watched
nearly
wood
Amory
Lorch
Guard
Quent
Westerosi
customs
lessons
lace
Bridge
shop
accuse
dishonesty
amputations
spot
troop
deny
writing
wolf
helping
helpful
uncommon
Excuse
positively
forlorn
surprised
inherited
responsibilities
cost
forgotten
News
farther
freeze
Stupid
comfortable
Harbor
Barrowton
Greyjoys
Cassel
holds
skeleton
crew
raise
hundred
moon
gained
paramount
earth
liars
Other
Savage
wondered
miserable
Hated
stranger
eats
Life
safer
rounds
Silk
customer
Copper
offers
boat
Truly
slept
loading
dreamed
Today
richest
path
poverty
wealth
pure
righteous
condemn
regrets
Bar
Ring
Slowly
steals
ripping
frighten
track
tracked
moved
Fine
detail
corners
stitching
stitch
marksman
ten
practicing
Relax
bow
arm
Quick
Faster
guardsman
rode
hills
saddle
swore
Law
law
Ten
broke
warned
coward
protector
realm
madman
mountain
lions
freak
Tough
direwolves
belong
blade
pups
train
runt
litter
starting
cliffs
fools
skewered
boars
fever
rides
reads
drinks
eight
barrels
ale
cellar
sleek
mink
stab
Tommy
shear
Brandon
road
Nine
Guarding
respects
month
Surely
minute
crack
skulls
showed
worthy
kingdom
Damn
helped
bound
hates
nickname
earned
drunken
lecher
prone
perversions
Clever
expecting
Already
blessing
Should
meaning
craves
attention
odd
cravings
trait
feasting
courses
hill
clouds
belongs
bride
Touch
Isn
slouch
body
wake
history
began
hot
punctuality
Viserys
braid
shame
killers
ceremony
Trust
narrow
toasts
lack
caution
offense
tribe
ugly
stupidest
Fill
Boys
Rode
midst
refused
giving
families
None
rescue
Preparing
accomplishment
Wear
dwarves
beheaded
tough
madness
Said
Hmph
ambush
Direwolves
scared
dove
Thirteen
tall
share
grandchild
neighbors
tournament
title
thrones
lhiver
vient
vite
protected
view
Wed
Continue
header
watchers
valar
dohaeris
hello
chapter
Author
Month
Username
Lost
hourly
https
wordpress
Thu
Remember
Mon
Dec
Sun
Oct
username
receive
link
create
via
